main.c:45:6:HAL_TIM_IC_CaptureCallback	16	static
main.c:50:6:HAL_TIM_PeriodElapsedCallback	16	static
main.c:57:6:SysTick_CallBack	8	static
main.c:192:7:TurnLeft	24	static
main.c:96:5:main	40	static
main.c:204:7:TurnRight	24	static
main.c:216:7:MoveBack	16	static
main.c:227:8:GetDistance	24	static
main.c:303:6:SystemClock_Config	160	static
main.c:350:13:MX_TIM1_Init	40	static
main.c:400:13:MX_USART2_UART_Init	8	static
main.c:435:13:MX_GPIO_Init	48	static
main.c:481:6:Error_Handler	4	static,ignoring_inline_asm
